// Vitest Snapshot v1

exports[`ChatMessage > renders as expected 1`] = `
<DocumentFragment>
  <div
    class="flex flex-col break-words pt-3"
    data-testid="chat-message"
  >
    <div
      class="flex w-full items-center pt-4 pb-6"
    >
      <div
        class="h-[2px] w-8 rounded-sm bg-gray-200"
      >
         
      </div>
      <span
        class="whitespace-nowrap px-3 font-semibold text-gray-400"
      >
        February 1st
      </span>
      <div
        class="h-[2px] w-full rounded-sm bg-gray-200"
      >
         
      </div>
    </div>
    <div
      class="group-two align-center flex items-center py-1 space-x-3"
    >
      <div
        class="shrink-0"
      >
        <div
          class="relative flex flex-none items-center justify-center rounded bg-black w-6 h-6 rounded p-1.5 cursor-pointer"
          style="background-color: rgb(0, 0, 0);"
        >
          <svg
            class=""
            style="display: block; width: 12px; height: 12px;"
            version="1.1"
            viewBox="0 0 12 12"
            xmlns="http://www.w3.org/2000/svg"
          >
            <rect
              fill="#000000"
              height="12px"
              width="12px"
              x="0px"
              y="0px"
            />
            <g
              transform="matrix(0.046875,0,0,0.046875,0,0)"
            >
              <g
                fill="none"
                transform="matrix(1,0,0,1,0,0)"
              >
                <rect
                  dataisgeon="true"
                  fill="white"
                  height="128"
                  stroke="#000000"
                  stroke-linecap="square"
                  stroke-width="0.8px"
                  vector-effect="non-scaling-stroke"
                  width="128"
                />
              </g>
              <g
                fill="none"
                transform="matrix(1,0,0,1,128,0)"
              >
                <circle
                  cx="64"
                  cy="64"
                  dataisgeon="true"
                  fill="white"
                  r="64"
                  stroke="#000000"
                  stroke-linecap="square"
                  stroke-width="0.8px"
                  vector-effect="non-scaling-stroke"
                />
              </g>
              <g
                fill="none"
                transform="matrix(1,0,0,1,0,128)"
              >
                <path
                  d="M0.0541 0C70.7217 0.0292317 128 57.3256 128 128C57.3177 128 0.0164917 70.7089 7.62806e-06 0.0305091C7.62851e-06 0.0203397 -4.44317e-10 0.01017 0 0H0.0541Z"
                  dataisgeon="true"
                  fill="white"
                  stroke="#000000"
                  stroke-linecap="square"
                  stroke-width="0.8px"
                  vector-effect="non-scaling-stroke"
                />
              </g>
              <g
                fill="none"
                transform="matrix(1,0,0,1,128,128)"
              >
                <path
                  d="M64 128H0L5.59506e-06 0L64 5.59506e-06C99.3462 8.68512e-06 128 28.6538 128 64C128 99.3462 99.3462 128 64 128Z"
                  dataisgeon="true"
                  fill="white"
                  stroke="#000000"
                  stroke-linecap="square"
                  stroke-width="0.8px"
                  vector-effect="non-scaling-stroke"
                />
              </g>
            </g>
          </svg>
        </div>
      </div>
      <div
        class="text-md shrink cursor-pointer font-semibold"
      >
        <span
          class="text-md break-all font-semibold leading-6 line-clamp-1"
          title=""
        >
          <span
            aria-hidden="true"
          >
            ~
          </span>
          <span>
            finned
          </span>
          <span
            aria-hidden="true"
          >
            -
          </span>
          <span
            aria-hidden="false"
          >
            palmer
          </span>
        </span>
      </div>
      <span
        class="-mb-0.5 hidden shrink-0 text-sm font-semibold text-gray-500 group-two-hover:block"
      >
        <time
          datetime="2021-02-01T13:00:00.000Z"
        >
          February 1st, 2021 
          <span
            aria-hidden="true"
          >
            •
          </span>
           13:00
        </time>
      </span>
      <span
        class="-mb-0.5 block shrink-0 text-sm font-semibold text-gray-500 group-two-hover:hidden"
      >
        February 1st 
        <span
          aria-hidden="true"
        >
          •
        </span>
         
        <time
          datetime="13:00"
        >
          13:00
        </time>
      </span>
    </div>
    <div
      class="group-one relative z-0 flex w-full"
    >
      <div
        class="-ml-1 mr-1 py-2 text-xs font-semibold text-gray-400 opacity-0 group-one-hover:opacity-100"
      >
        13:00
      </div>
      <div
        class="wrap-anywhere flex w-full"
      >
        <div
          class="flex w-full grow flex-col space-y-2 rounded py-1 pl-3 pr-2 group-one-hover:bg-gray-50"
        >
          <div
            class="leading-6"
          >
            <strong>
              <span>
                A bold test message
              </span>
            </strong>
            <span>
              with some more text
            </span>
          </div>
        </div>
        <div
          class="relative flex w-5 items-end rounded-r group-one-hover:bg-gray-50"
        />
      </div>
    </div>
  </div>
</DocumentFragment>
`;
